// Jest Snapshot v1, https://goo.gl/fbAQLP

exports[`Loader should match the snapshot 1`] = `
<section
  className="loader pulsate-fwd"
>
  <img
    alt="Two hands holding a crystal ball"
    className="crystal-ball-loader"
    src="crystal.png"
  />
  <h2
    className="loader-msg"
  >
    Looking...
  </h2>
</section>
`;
