// Jest Snapshot v1, https://goo.gl/fbAQLP

exports[`Nav Nav container/component should match the snapshot 1`] = `
<section
  className="nav-bar"
>
  <img
    alt="Golden City Tarot Logo"
    className="logo-img"
    src="GoldenCity.png"
  />
  <div
    className="nav-btn-container"
  >
    <Link
      to="/saved"
    >
      <button
        className="nav-btn"
      >
        SAVED | 
        1
      </button>
    </Link>
    <Link
      to="/"
    >
      <button
        className="nav-btn"
        id="logout-btn"
        onClick={[Function]}
      >
        LOGOUT
      </button>
    </Link>
  </div>
</section>
`;
