// Jest Snapshot v1, https://goo.gl/fbAQLP

exports[`ReadingStarter ReadingStarter container/component should match the snapshot 1`] = `
<section
  className="home-page fade-in"
>
  <img
    alt="The Future Is Golden"
    className="golden-text"
    src="golden.png"
  />
  <section
    className="form-container"
  >
    <div
      className="circle"
    />
    <form
      className="question-form"
    >
      <select
        name="spread"
        onChange={[Function]}
      >
        <option>
          Select reading...
        </option>
        <option
          value={4}
        >
          4 Card Reading
        </option>
        <option
          value={3}
        >
          3 Card Reading
        </option>
        <option
          value={1}
        >
          1 Card Reading
        </option>
      </select>
      <input
        maxLength={55}
        name="question"
        onChange={[Function]}
        placeholder="Enter a question..."
        type="text"
        value=""
      />
      <button
        className="ask-btn"
        onClick={[Function]}
      >
        ASK THE CARDS
      </button>
      <p
        className="error-message"
      />
    </form>
  </section>
</section>
`;
