// Jest Snapshot v1, https://goo.gl/fbAQLP

exports[`FavoriteContainer FavoriteContainer container/component should match the snapshot 1`] = `
<section
  className="favorite-container"
>
  <section
    className="cards"
  >
    <Card
      card={
        Object {
          "name": "The Moon",
          "value": 6,
        }
      }
      key="NaN"
    />
  </section>
  <section
    className="reading-details"
  >
    <button
      className="save-btn"
      onClick={[Function]}
    >
      <img
        alt="save reading icon"
        className="save-icon"
        src="save.png"
      />
    </button>
    <div>
      <h2
        className="question"
      >
        Is Bithcuits a good kitty?
      </h2>
      <h2>
        Keep your friends close and your enemies closer
      </h2>
    </div>
  </section>
</section>
`;
