// Jest Snapshot v1, https://goo.gl/fbAQLP

exports[`Form Form container/component should match the snapshot 1`] = `
<form
  className="login-form"
>
  <input
    name="username"
    onChange={[Function]}
    placeholder="Username..."
    type="text"
    value=""
  />
  <input
    name="password"
    onChange={[Function]}
    placeholder="Password..."
    type="password"
    value=""
  />
  <button
    className="login-submit-btn"
    onClick={[Function]}
  >
    SUBMIT
  </button>
  <p
    className="error-message"
  />
</form>
`;
