// Jest Snapshot v1, https://goo.gl/fbAQLP

exports[`CardContainer CardContainer container/component should match the snapshot 1`] = `
<section
  className="card-container fade-in"
>
  <section
    className="cards"
  >
    <Card
      card={
        Object {
          "name": "The Magician",
          "value": 8,
        }
      }
    />
  </section>
  <section
    className="reading-details"
  >
    <button
      className="save-btn"
      onClick={[Function]}
    >
      <img
        alt="save reading icon"
        className="save-icon"
        src="save.png"
      />
    </button>
    <div>
      <h2
        className="question"
      >
        Is Bithcuits a good kitty?
      </h2>
      <h2>
        Keep your friends close and your enemies closer
      </h2>
    </div>
  </section>
  <Link
    to="/home"
  >
    <button
      className="back-btn"
      id="ask-another"
      onClick={[Function]}
    >
      Ask Another Question
    </button>
  </Link>
</section>
`;
